Archive member included to satisfy reference by file (symbol)

c:/st/stm32cubeide_1.5.1/stm32cubeide/plugins/com.st.stm32cube.ide.mcu.externaltools.gnu-tools-for-stm32.9-2020-q2-update.win32_1.5.0.202011040924/tools/bin/../lib/gcc/arm-none-eabi/9.3.1/../../../../arm-none-eabi/lib/thumb/v6-m/nofp\libc_nano.a(lib_a-errno.o)
                              Core/Src/syscalls.o (__errno)
c:/st/stm32cubeide_1.5.1/stm32cubeide/plugins/com.st.stm32cube.ide.mcu.externaltools.gnu-tools-for-stm32.9-2020-q2-update.win32_1.5.0.202011040924/tools/bin/../lib/gcc/arm-none-eabi/9.3.1/../../../../arm-none-eabi/lib/thumb/v6-m/nofp\libc_nano.a(lib_a-exit.o)
                              c:/st/stm32cubeide_1.5.1/stm32cubeide/plugins/com.st.stm32cube.ide.mcu.externaltools.gnu-tools-for-stm32.9-2020-q2-update.win32_1.5.0.202011040924/tools/bin/../lib/gcc/arm-none-eabi/9.3.1/../../../../arm-none-eabi/lib/thumb/v6-m/nofp/crt0.o (exit)
c:/st/stm32cubeide_1.5.1/stm32cubeide/plugins/com.st.stm32cube.ide.mcu.externaltools.gnu-tools-for-stm32.9-2020-q2-update.win32_1.5.0.202011040924/tools/bin/../lib/gcc/arm-none-eabi/9.3.1/../../../../arm-none-eabi/lib/thumb/v6-m/nofp\libc_nano.a(lib_a-impure.o)
                              c:/st/stm32cubeide_1.5.1/stm32cubeide/plugins/com.st.stm32cube.ide.mcu.externaltools.gnu-tools-for-stm32.9-2020-q2-update.win32_1.5.0.202011040924/tools/bin/../lib/gcc/arm-none-eabi/9.3.1/../../../../arm-none-eabi/lib/thumb/v6-m/nofp\libc_nano.a(lib_a-exit.o) (_global_impure_ptr)
c:/st/stm32cubeide_1.5.1/stm32cubeide/plugins/com.st.stm32cube.ide.mcu.externaltools.gnu-tools-for-stm32.9-2020-q2-update.win32_1.5.0.202011040924/tools/bin/../lib/gcc/arm-none-eabi/9.3.1/../../../../arm-none-eabi/lib/thumb/v6-m/nofp\libc_nano.a(lib_a-init.o)
                              c:/st/stm32cubeide_1.5.1/stm32cubeide/plugins/com.st.stm32cube.ide.mcu.externaltools.gnu-tools-for-stm32.9-2020-q2-update.win32_1.5.0.202011040924/tools/bin/../lib/gcc/arm-none-eabi/9.3.1/../../../../arm-none-eabi/lib/thumb/v6-m/nofp/crt0.o (__libc_init_array)
c:/st/stm32cubeide_1.5.1/stm32cubeide/plugins/com.st.stm32cube.ide.mcu.externaltools.gnu-tools-for-stm32.9-2020-q2-update.win32_1.5.0.202011040924/tools/bin/../lib/gcc/arm-none-eabi/9.3.1/../../../../arm-none-eabi/lib/thumb/v6-m/nofp\libc_nano.a(lib_a-memset.o)
                              c:/st/stm32cubeide_1.5.1/stm32cubeide/plugins/com.st.stm32cube.ide.mcu.externaltools.gnu-tools-for-stm32.9-2020-q2-update.win32_1.5.0.202011040924/tools/bin/../lib/gcc/arm-none-eabi/9.3.1/../../../../arm-none-eabi/lib/thumb/v6-m/nofp/crt0.o (memset)
c:/st/stm32cubeide_1.5.1/stm32cubeide/plugins/com.st.stm32cube.ide.mcu.externaltools.gnu-tools-for-stm32.9-2020-q2-update.win32_1.5.0.202011040924/tools/bin/../lib/gcc/arm-none-eabi/9.3.1/thumb/v6-m/nofp\libgcc.a(_udivsi3.o)
                              Core/Src/system_stm32l0xx.o (__aeabi_uidiv)
c:/st/stm32cubeide_1.5.1/stm32cubeide/plugins/com.st.stm32cube.ide.mcu.externaltools.gnu-tools-for-stm32.9-2020-q2-update.win32_1.5.0.202011040924/tools/bin/../lib/gcc/arm-none-eabi/9.3.1/thumb/v6-m/nofp\libgcc.a(_dvmd_tls.o)
                              c:/st/stm32cubeide_1.5.1/stm32cubeide/plugins/com.st.stm32cube.ide.mcu.externaltools.gnu-tools-for-stm32.9-2020-q2-update.win32_1.5.0.202011040924/tools/bin/../lib/gcc/arm-none-eabi/9.3.1/thumb/v6-m/nofp\libgcc.a(_udivsi3.o) (__aeabi_idiv0)
c:/st/stm32cubeide_1.5.1/stm32cubeide/plugins/com.st.stm32cube.ide.mcu.externaltools.gnu-tools-for-stm32.9-2020-q2-update.win32_1.5.0.202011040924/tools/bin/../lib/gcc/arm-none-eabi/9.3.1/thumb/v6-m/nofp\libgcc.a(_aeabi_uldivmod.o)
                              Drivers/STM32L0xx_HAL_Driver/Src/stm32l0xx_hal_rcc.o (__aeabi_uldivmod)
c:/st/stm32cubeide_1.5.1/stm32cubeide/plugins/com.st.stm32cube.ide.mcu.externaltools.gnu-tools-for-stm32.9-2020-q2-update.win32_1.5.0.202011040924/tools/bin/../lib/gcc/arm-none-eabi/9.3.1/thumb/v6-m/nofp\libgcc.a(_muldi3.o)
                              Drivers/STM32L0xx_HAL_Driver/Src/stm32l0xx_hal_rcc.o (__aeabi_lmul)
c:/st/stm32cubeide_1.5.1/stm32cubeide/plugins/com.st.stm32cube.ide.mcu.externaltools.gnu-tools-for-stm32.9-2020-q2-update.win32_1.5.0.202011040924/tools/bin/../lib/gcc/arm-none-eabi/9.3.1/thumb/v6-m/nofp\libgcc.a(_udivmoddi4.o)
                              c:/st/stm32cubeide_1.5.1/stm32cubeide/plugins/com.st.stm32cube.ide.mcu.externaltools.gnu-tools-for-stm32.9-2020-q2-update.win32_1.5.0.202011040924/tools/bin/../lib/gcc/arm-none-eabi/9.3.1/thumb/v6-m/nofp\libgcc.a(_aeabi_uldivmod.o) (__udivmoddi4)
c:/st/stm32cubeide_1.5.1/stm32cubeide/plugins/com.st.stm32cube.ide.mcu.externaltools.gnu-tools-for-stm32.9-2020-q2-update.win32_1.5.0.202011040924/tools/bin/../lib/gcc/arm-none-eabi/9.3.1/thumb/v6-m/nofp\libgcc.a(_clzdi2.o)
[...]
Memory Configuration

Name             Origin             Length             Attributes
RAM              0x0000000020000000 0x0000000000002000 xrw
FLASH            0x0000000008000000 0x0000000000010000 xr
*default*        0x0000000000000000 0xffffffffffffffff

Linker script and memory map

LOAD c:/st/stm32cubeide_1.5.1/stm32cubeide/plugins/com.st.stm32cube.ide.mcu.externaltools.gnu-tools-for-stm32.9-2020-q2-update.win32_1.5.0.202011040924/tools/bin/../lib/gcc/arm-none-eabi/9.3.1/thumb/v6-m/nofp/crti.o
LOAD c:/st/stm32cubeide_1.5.1/stm32cubeide/plugins/com.st.stm32cube.ide.mcu.externaltools.gnu-tools-for-stm32.9-2020-q2-update.win32_1.5.0.202011040924/tools/bin/../lib/gcc/arm-none-eabi/9.3.1/thumb/v6-m/nofp/crtbegin.o
LOAD c:/st/stm32cubeide_1.5.1/stm32cubeide/plugins/com.st.stm32cube.ide.mcu.externaltools.gnu-tools-for-stm32.9-2020-q2-update.win32_1.5.0.202011040924/tools/bin/../lib/gcc/arm-none-eabi/9.3.1/../../../../arm-none-eabi/lib/thumb/v6-m/nofp/crt0.o
LOAD Core/Src/dcmotor.o
LOAD Core/Src/main.o
LOAD Core/Src/matrix_lcd.o
LOAD Core/Src/parser.o
LOAD Core/Src/stm32l0xx_hal_msp.o
LOAD Core/Src/stm32l0xx_it.o
LOAD Core/Src/syscalls.o
LOAD Core/Src/sysmem.o
LOAD Core/Src/system_stm32l0xx.o
LOAD Core/Src/uart_comm.o
LOAD Core/Startup/startup_stm32l063r8tx.o
LOAD Drivers/STM32L0xx_HAL_Driver/Src/stm32l0xx_hal.o
LOAD Drivers/STM32L0xx_HAL_Driver/Src/stm32l0xx_hal_cortex.o
LOAD Drivers/STM32L0xx_HAL_Driver/Src/stm32l0xx_hal_dma.o
LOAD Drivers/STM32L0xx_HAL_Driver/Src/stm32l0xx_hal_exti.o
LOAD Drivers/STM32L0xx_HAL_Driver/Src/stm32l0xx_hal_flash.o
LOAD Drivers/STM32L0xx_HAL_Driver/Src/stm32l0xx_hal_flash_ex.o
LOAD Drivers/STM32L0xx_HAL_Driver/Src/stm32l0xx_hal_flash_ramfunc.o
LOAD Drivers/STM32L0xx_HAL_Driver/Src/stm32l0xx_hal_gpio.o
LOAD Drivers/STM32L0xx_HAL_Driver/Src/stm32l0xx_hal_i2c.o
LOAD Drivers/STM32L0xx_HAL_Driver/Src/stm32l0xx_hal_i2c_ex.o
LOAD Drivers/STM32L0xx_HAL_Driver/Src/stm32l0xx_hal_pwr.o
LOAD Drivers/STM32L0xx_HAL_Driver/Src/stm32l0xx_hal_pwr_ex.o
LOAD Drivers/STM32L0xx_HAL_Driver/Src/stm32l0xx_hal_rcc.o
LOAD Drivers/STM32L0xx_HAL_Driver/Src/stm32l0xx_hal_rcc_ex.o
LOAD Drivers/STM32L0xx_HAL_Driver/Src/stm32l0xx_hal_tim.o
LOAD Drivers/STM32L0xx_HAL_Driver/Src/stm32l0xx_hal_tim_ex.o
LOAD Drivers/STM32L0xx_HAL_Driver/Src/stm32l0xx_hal_uart.o
LOAD Drivers/STM32L0xx_HAL_Driver/Src/stm32l0xx_hal_uart_ex.o
START GROUP
LOAD c:/st/stm32cubeide_1.5.1/stm32cubeide/plugins/com.st.stm32cube.ide.mcu.externaltools.gnu-tools-for-stm32.9-2020-q2-update.win32_1.5.0.202011040924/tools/bin/../lib/gcc/arm-none-eabi/9.3.1/../../../../arm-none-eabi/lib/thumb/v6-m/nofp\libc_nano.a
LOAD c:/st/stm32cubeide_1.5.1/stm32cubeide/plugins/com.st.stm32cube.ide.mcu.externaltools.gnu-tools-for-stm32.9-2020-q2-update.win32_1.5.0.202011040924/tools/bin/../lib/gcc/arm-none-eabi/9.3.1/../../../../arm-none-eabi/lib/thumb/v6-m/nofp\libm.a
END GROUP
START GROUP
LOAD c:/st/stm32cubeide_1.5.1/stm32cubeide/plugins/com.st.stm32cube.ide.mcu.externaltools.gnu-tools-for-stm32.9-2020-q2-update.win32_1.5.0.202011040924/tools/bin/../lib/gcc/arm-none-eabi/9.3.1/thumb/v6-m/nofp\libgcc.a
LOAD c:/st/stm32cubeide_1.5.1/stm32cubeide/plugins/com.st.stm32cube.ide.mcu.externaltools.gnu-tools-for-stm32.9-2020-q2-update.win32_1.5.0.202011040924/tools/bin/../lib/gcc/arm-none-eabi/9.3.1/../../../../arm-none-eabi/lib/thumb/v6-m/nofp\libc_nano.a
END GROUP
START GROUP
LOAD c:/st/stm32cubeide_1.5.1/stm32cubeide/plugins/com.st.stm32cube.ide.mcu.externaltools.gnu-tools-for-stm32.9-2020-q2-update.win32_1.5.0.202011040924/tools/bin/../lib/gcc/arm-none-eabi/9.3.1/thumb/v6-m/nofp\libgcc.a
LOAD c:/st/stm32cubeide_1.5.1/stm32cubeide/plugins/com.st.stm32cube.ide.mcu.externaltools.gnu-tools-for-stm32.9-2020-q2-update.win32_1.5.0.202011040924/tools/bin/../lib/gcc/arm-none-eabi/9.3.1/../../../../arm-none-eabi/lib/thumb/v6-m/nofp\libc_nano.a
LOAD c:/st/stm32cubeide_1.5.1/stm32cubeide/plugins/com.st.stm32cube.ide.mcu.externaltools.gnu-tools-for-stm32.9-2020-q2-update.win32_1.5.0.202011040924/tools/bin/../lib/gcc/arm-none-eabi/9.3.1/../../../../arm-none-eabi/lib/thumb/v6-m/nofp\libnosys.a
END GROUP
START GROUP
LOAD c:/st/stm32cubeide_1.5.1/stm32cubeide/plugins/com.st.stm32cube.ide.mcu.externaltools.gnu-tools-for-stm32.9-2020-q2-update.win32_1.5.0.202011040924/tools/bin/../lib/gcc/arm-none-eabi/9.3.1/thumb/v6-m/nofp\libgcc.a
LOAD c:/st/stm32cubeide_1.5.1/stm32cubeide/plugins/com.st.stm32cube.ide.mcu.externaltools.gnu-tools-for-stm32.9-2020-q2-update.win32_1.5.0.202011040924/tools/bin/../lib/gcc/arm-none-eabi/9.3.1/../../../../arm-none-eabi/lib/thumb/v6-m/nofp\libc_nano.a
LOAD c:/st/stm32cubeide_1.5.1/stm32cubeide/plugins/com.st.stm32cube.ide.mcu.externaltools.gnu-tools-for-stm32.9-2020-q2-update.win32_1.5.0.202011040924/tools/bin/../lib/gcc/arm-none-eabi/9.3.1/../../../../arm-none-eabi/lib/thumb/v6-m/nofp\libnosys.a
END GROUP
LOAD c:/st/stm32cubeide_1.5.1/stm32cubeide/plugins/com.st.stm32cube.ide.mcu.externaltools.gnu-tools-for-stm32.9-2020-q2-update.win32_1.5.0.202011040924/tools/bin/../lib/gcc/arm-none-eabi/9.3.1/thumb/v6-m/nofp/crtend.o
LOAD c:/st/stm32cubeide_1.5.1/stm32cubeide/plugins/com.st.stm32cube.ide.mcu.externaltools.gnu-tools-for-stm32.9-2020-q2-update.win32_1.5.0.202011040924/tools/bin/../lib/gcc/arm-none-eabi/9.3.1/thumb/v6-m/nofp/crtn.o
                0x0000000020002000                _estack = (ORIGIN (RAM) + LENGTH (RAM))
                0x0000000000000200                _Min_Heap_Size = 0x200
                0x0000000000000400                _Min_Stack_Size = 0x400

.isr_vector     0x0000000008000000       0xc0
                0x0000000008000000                . = ALIGN (0x4)
 *(.isr_vector)
 .isr_vector    0x0000000008000000       0xc0 Core/Startup/startup_stm32l063r8tx.o
                0x0000000008000000                g_pfnVectors
                0x00000000080000c0                . = ALIGN (0x4)

.text           0x00000000080000c0     0x5214
                0x00000000080000c0                . = ALIGN (0x4)
 *(.text)
 .text          0x00000000080000c0       0x48 c:/st/stm32cubeide_1.5.1/stm32cubeide/plugins/com.st.stm32cube.ide.mcu.externaltools.gnu-tools-for-stm32.9-2020-q2-update.win32_1.5.0.202011040924/tools/bin/../lib/gcc/arm-none-eabi/9.3.1/thumb/v6-m/nofp/crtbegin.o
 .text          0x0000000008000108      0x114 c:/st/stm32cubeide_1.5.1/stm32cubeide/plugins/com.st.stm32cube.ide.mcu.externaltools.gnu-tools-for-stm32.9-2020-q2-update.win32_1.5.0.202011040924/tools/bin/../lib/gcc/arm-none-eabi/9.3.1/thumb/v6-m/nofp\libgcc.a(_udivsi3.o)
                0x0000000008000108                __aeabi_uidiv
                0x0000000008000108                __udivsi3
                0x0000000008000214                __aeabi_uidivmod
 .text          0x000000000800021c        0x4 c:/st/stm32cubeide_1.5.1/stm32cubeide/plugins/com.st.stm32cube.ide.mcu.externaltools.gnu-tools-for-stm32.9-2020-q2-update.win32_1.5.0.202011040924/tools/bin/../lib/gcc/arm-none-eabi/9.3.1/thumb/v6-m/nofp\libgcc.a(_dvmd_tls.o)
                0x000000000800021c                __aeabi_idiv0
                0x000000000800021c                __aeabi_ldiv0
 .text          0x0000000008000220       0x40 c:/st/stm32cubeide_1.5.1/stm32cubeide/plugins/com.st.stm32cube.ide.mcu.externaltools.gnu-tools-for-stm32.9-2020-q2-update.win32_1.5.0.202011040924/tools/bin/../lib/gcc/arm-none-eabi/9.3.1/thumb/v6-m/nofp\libgcc.a(_aeabi_uldivmod.o)
                0x0000000008000220                __aeabi_uldivmod
 .text          0x0000000008000260       0x50 c:/st/stm32cubeide_1.5.1/stm32cubeide/plugins/com.st.stm32cube.ide.mcu.externaltools.gnu-tools-for-stm32.9-2020-q2-update.win32_1.5.0.202011040924/tools/bin/../lib/gcc/arm-none-eabi/9.3.1/thumb/v6-m/nofp\libgcc.a(_muldi3.o)
                0x0000000008000260                __muldi3
                0x0000000008000260                __aeabi_lmul
 .text          0x00000000080002b0      0x198 c:/st/stm32cubeide_1.5.1/stm32cubeide/plugins/com.st.stm32cube.ide.mcu.externaltools.gnu-tools-for-stm32.9-2020-q2-update.win32_1.5.0.202011040924/tools/bin/../lib/gcc/arm-none-eabi/9.3.1/thumb/v6-m/nofp\libgcc.a(_udivmoddi4.o)
                0x00000000080002b0                __udivmoddi4
 .text          0x0000000008000448       0x18 c:/st/stm32cubeide_1.5.1/stm32cubeide/plugins/com.st.stm32cube.ide.mcu.externaltools.gnu-tools-for-stm32.9-2020-q2-update.win32_1.5.0.202011040924/tools/bin/../lib/gcc/arm-none-eabi/9.3.1/thumb/v6-m/nofp\libgcc.a(_clzdi2.o)
                0x0000000008000448                __clzdi2
 .text          0x0000000008000460       0x3c c:/st/stm32cubeide_1.5.1/stm32cubeide/plugins/com.st.stm32cube.ide.mcu.externaltools.gnu-tools-for-stm32.9-2020-q2-update.win32_1.5.0.202011040924/tools/bin/../lib/gcc/arm-none-eabi/9.3.1/thumb/v6-m/nofp\libgcc.a(_clzsi2.o)
                0x0000000008000460                __clzsi2
 *(.text*)
 .text.get_f_motor_new_action
                0x000000000800049c       0x14 Core/Src/dcmotor.o
                0x000000000800049c                get_f_motor_new_action
 .text.set_f_motor_new_action
                0x00000000080004b0       0x14 Core/Src/dcmotor.o
                0x00000000080004b0                set_f_motor_new_action
 .text.rst_f_motor_new_action
                0x00000000080004c4       0x14 Core/Src/dcmotor.o
                0x00000000080004c4                rst_f_motor_new_action
 .text.initWheelMotors
                0x00000000080004d8      0x170 Core/Src/dcmotor.o
                0x00000000080004d8                initWheelMotors
 .text.motor_action
                0x0000000008000648      0x140 Core/Src/dcmotor.o
                0x0000000008000648                motor_action
 .text.motor_all_action
                0x0000000008000788      0x122 Core/Src/dcmotor.o
                0x0000000008000788                motor_all_action
 *fill*         0x00000000080008aa        0x2 
 .text.motor_pwm_timer_callback
                0x00000000080008ac      0x410 Core/Src/dcmotor.o
                0x00000000080008ac                motor_pwm_timer_callback
 .text.HAL_TIM_PeriodElapsedCallback
                0x0000000008000cbc       0x44 Core/Src/main.o
                0x0000000008000cbc                HAL_TIM_PeriodElapsedCallback
 .text.main     0x0000000008000d00       0x84 Core/Src/main.o
                0x0000000008000d00                main
 .text.SystemClock_Config
                0x0000000008000d84       0xec Core/Src/main.o
                0x0000000008000d84                SystemClock_Config
 .text.MX_TIM2_Init
                0x0000000008000e70       0xa4 Core/Src/main.o
 .text.MX_TIM6_Init
                0x0000000008000f14       0x78 Core/Src/main.o
 .text.MX_USART2_UART_Init
                0x0000000008000f8c       0x60 Core/Src/main.o
 .text.MX_GPIO_Init
                0x0000000008000fec      0x164 Core/Src/main.o
 .text.Error_Handler
                0x0000000008001150        0xa Core/Src/main.o
                0x0000000008001150                Error_Handler
 *fill*         0x000000000800115a        0x2 
 .text.resetLEDIOs
                0x000000000800115c       0x94 Core/Src/matrix_lcd.o
                0x000000000800115c                resetLEDIOs
 .text.initLedMatrixGPIO
                0x00000000080011f0       0xa4 Core/Src/matrix_lcd.o
                0x00000000080011f0                initLedMatrixGPIO
 .text.MatrixLCD_SetPixel
                0x0000000008001294       0x34 Core/Src/matrix_lcd.o
                0x0000000008001294                MatrixLCD_SetPixel
 .text.MatrixLCD_ResetPixels
                0x00000000080012c8       0x60 Core/Src/matrix_lcd.o
                0x00000000080012c8                MatrixLCD_ResetPixels
 .text.MatrixLCD_SetPixels2Buf
                0x0000000008001328       0x8c Core/Src/matrix_lcd.o
                0x0000000008001328                MatrixLCD_SetPixels2Buf
 .text.Matrix2LCD
                0x00000000080013b4       0x7c Core/Src/matrix_lcd.o
                0x00000000080013b4                Matrix2LCD
 .text.MatrixLED_JohnsonCounter
                0x0000000008001430       0xd8 Core/Src/matrix_lcd.o
                0x0000000008001430                MatrixLED_JohnsonCounter
 .text.MatrixLED_Timer_Callback
                0x0000000008001508       0x5c Core/Src/matrix_lcd.o
                0x0000000008001508                MatrixLED_Timer_Callback
 .text.draw_cross2MatrixLED
                0x0000000008001564       0x5a Core/Src/matrix_lcd.o
                0x0000000008001564                draw_cross2MatrixLED
 .text.draw_HappyMatrixLED
                0x00000000080015be       0x4a Core/Src/matrix_lcd.o
                0x00000000080015be                draw_HappyMatrixLED
 .text.draw_SadMatrixLED
                0x0000000008001608       0x42 Core/Src/matrix_lcd.o
                0x0000000008001608                draw_SadMatrixLED
 .text.draw_AngryMatrixLED
                0x000000000800164a       0x52 Core/Src/matrix_lcd.o
                0x000000000800164a                draw_AngryMatrixLED
 .text.draw_OnMatrixLED
                0x000000000800169c       0x2a Core/Src/matrix_lcd.o
                0x000000000800169c                draw_OnMatrixLED
 .text.draw_heart
                0x00000000080016c6       0x9a Core/Src/matrix_lcd.o
                0x00000000080016c6                draw_heart
 .text.draw_OffMatrixLED
                0x0000000008001760        0xa Core/Src/matrix_lcd.o
                0x0000000008001760                draw_OffMatrixLED
 *fill*         0x000000000800176a        0x2 
 .text.process_uart_data
                0x000000000800176c      0x108 Core/Src/parser.o
                0x000000000800176c                process_uart_data
 .text.parse_uart_data
                0x0000000008001874       0x32 Core/Src/parser.o
                0x0000000008001874                parse_uart_data
 *fill*         0x00000000080018a6        0x2 
 .text.HAL_MspInit
                0x00000000080018a8       0x28 Core/Src/stm32l0xx_hal_msp.o
                0x00000000080018a8                HAL_MspInit
 .text.HAL_TIM_Base_MspInit
                0x00000000080018d0       0x68 Core/Src/stm32l0xx_hal_msp.o
                0x00000000080018d0                HAL_TIM_Base_MspInit
 .text.HAL_UART_MspInit
                0x0000000008001938      0x10c Core/Src/stm32l0xx_hal_msp.o
                0x0000000008001938                HAL_UART_MspInit
 .text.NMI_Handler
                0x0000000008001a44        0x6 Core/Src/stm32l0xx_it.o
                0x0000000008001a44                NMI_Handler
 .text.HardFault_Handler
                0x0000000008001a4a        0x6 Core/Src/stm32l0xx_it.o
                0x0000000008001a4a                HardFault_Handler
 .text.SVC_Handler
                0x0000000008001a50        0xa Core/Src/stm32l0xx_it.o
                0x0000000008001a50                SVC_Handler
 .text.PendSV_Handler
                0x0000000008001a5a        0xa Core/Src/stm32l0xx_it.o
                0x0000000008001a5a                PendSV_Handler
 .text.SysTick_Handler
                0x0000000008001a64        0xe Core/Src/stm32l0xx_it.o
                0x0000000008001a64                SysTick_Handler
 *fill*         0x0000000008001a72        0x2 
 .text.TIM2_IRQHandler
                0x0000000008001a74       0x18 Core/Src/stm32l0xx_it.o
                0x0000000008001a74                TIM2_IRQHandler
 .text.TIM6_DAC_IRQHandler
                0x0000000008001a8c       0x18 Core/Src/stm32l0xx_it.o
                0x0000000008001a8c                TIM6_DAC_IRQHandler
 .text.USART1_IRQHandler
                0x0000000008001aa4       0x18 Core/Src/stm32l0xx_it.o
                0x0000000008001aa4                USART1_IRQHandler
 .text.USART2_IRQHandler
                0x0000000008001abc       0x18 Core/Src/stm32l0xx_it.o
                0x0000000008001abc                USART2_IRQHandler
 .text.SystemInit
                0x0000000008001ad4        0xa Core/Src/system_stm32l0xx.o
                0x0000000008001ad4                SystemInit
 *fill*         0x0000000008001ade        0x2 
 .text.get_f_send_uart_ack
                0x0000000008001ae0       0x14 Core/Src/uart_comm.o
                0x0000000008001ae0                get_f_send_uart_ack
 .text.set_f_send_uart_ack
                0x0000000008001af4       0x14 Core/Src/uart_comm.o
                0x0000000008001af4                set_f_send_uart_ack
 .text.rst_f_send_uart_ack
                0x0000000008001b08       0x14 Core/Src/uart_comm.o
                0x0000000008001b08                rst_f_send_uart_ack
 .text.get_uart_ch
                0x0000000008001b1c       0x10 Core/Src/uart_comm.o
                0x0000000008001b1c                get_uart_ch
 .text.is_data_valid
                0x0000000008001b2c       0xbe Core/Src/uart_comm.o
                0x0000000008001b2c                is_data_valid
 .text.startTimer
                0x0000000008001bea       0x38 Core/Src/uart_comm.o
                0x0000000008001bea                startTimer
 .text.stopTimer
                0x0000000008001c22       0x28 Core/Src/uart_comm.o
                0x0000000008001c22                stopTimer
 *fill*         0x0000000008001c4a        0x2 
 .text.UART_Callback_StateMachine
                0x0000000008001c4c      0x170 Core/Src/uart_comm.o
                0x0000000008001c4c                UART_Callback_StateMachine
 .text.HAL_UART_RxCpltCallback
                0x0000000008001dbc       0x18 Core/Src/uart_comm.o
                0x0000000008001dbc                HAL_UART_RxCpltCallback
 .text.uart_comm_timer_elapsed_callback
                0x0000000008001dd4       0x30 Core/Src/uart_comm.o
                0x0000000008001dd4                uart_comm_timer_elapsed_callback
 .text.initiate_Uart_Ch
                0x0000000008001e04       0x20 Core/Src/uart_comm.o
                0x0000000008001e04                initiate_Uart_Ch
 .text.uart_send_data
                0x0000000008001e24       0x26 Core/Src/uart_comm.o
                0x0000000008001e24                uart_send_data
 *fill*         0x0000000008001e4a        0x2 
 .text.Reset_Handler
                0x0000000008001e4c       0x50 Core/Startup/startup_stm32l063r8tx.o
                0x0000000008001e4c                Reset_Handler
 .text.Default_Handler
                0x0000000008001e9c        0x2 Core/Startup/startup_stm32l063r8tx.o
                0x0000000008001e9c                TSC_IRQHandler
                0x0000000008001e9c                ADC1_COMP_IRQHandler
                0x0000000008001e9c                PVD_IRQHandler
                0x0000000008001e9c                I2C1_IRQHandler
                0x0000000008001e9c                RCC_CRS_IRQHandler
                0x0000000008001e9c                SPI1_IRQHandler
                0x0000000008001e9c                EXTI2_3_IRQHandler
                0x0000000008001e9c                I2C2_IRQHandler
                0x0000000008001e9c                RTC_IRQHandler
                0x0000000008001e9c                LCD_IRQHandler
                0x0000000008001e9c                DMA1_Channel4_5_6_7_IRQHandler
                0x0000000008001e9c                EXTI4_15_IRQHandler
                0x0000000008001e9c                DMA1_Channel1_IRQHandler
                0x0000000008001e9c                Default_Handler
                0x0000000008001e9c                TIM22_IRQHandler
                0x0000000008001e9c                EXTI0_1_IRQHandler
                0x0000000008001e9c                USB_IRQHandler
                0x0000000008001e9c                SPI2_IRQHandler
                0x0000000008001e9c                TIM21_IRQHandler
                0x0000000008001e9c                WWDG_IRQHandler
                0x0000000008001e9c                DMA1_Channel2_3_IRQHandler
                0x0000000008001e9c                FLASH_IRQHandler
                0x0000000008001e9c                AES_RNG_LPUART1_IRQHandler
                0x0000000008001e9c                LPTIM1_IRQHandler
 *fill*         0x0000000008001e9e        0x2 
 .text.HAL_Init
                0x0000000008001ea0       0x40 Drivers/STM32L0xx_HAL_Driver/Src/stm32l0xx_hal.o
                0x0000000008001ea0                HAL_Init
 .text.HAL_InitTick
                0x0000000008001ee0       0x68 Drivers/STM32L0xx_HAL_Driver/Src/stm32l0xx_hal.o
                0x0000000008001ee0                HAL_InitTick
 .text.HAL_IncTick
                0x0000000008001f48       0x24 Drivers/STM32L0xx_HAL_Driver/Src/stm32l0xx_hal.o
                0x0000000008001f48                HAL_IncTick
 .text.HAL_GetTick
                0x0000000008001f6c       0x14 Drivers/STM32L0xx_HAL_Driver/Src/stm32l0xx_hal.o
                0x0000000008001f6c                HAL_GetTick
 .text.__NVIC_EnableIRQ
                0x0000000008001f80       0x34 Drivers/STM32L0xx_HAL_Driver/Src/stm32l0xx_hal_cortex.o
 .text.__NVIC_SetPriority
                0x0000000008001fb4       0xdc Drivers/STM32L0xx_HAL_Driver/Src/stm32l0xx_hal_cortex.o
 .text.SysTick_Config
                0x0000000008002090       0x48 Drivers/STM32L0xx_HAL_Driver/Src/stm32l0xx_hal_cortex.o
 .text.HAL_NVIC_SetPriority
                0x00000000080020d8       0x2a Drivers/STM32L0xx_HAL_Driver/Src/stm32l0xx_hal_cortex.o
                0x00000000080020d8                HAL_NVIC_SetPriority
 .text.HAL_NVIC_EnableIRQ
                0x0000000008002102       0x20 Drivers/STM32L0xx_HAL_Driver/Src/stm32l0xx_hal_cortex.o
                0x0000000008002102                HAL_NVIC_EnableIRQ
 .text.HAL_SYSTICK_Config
                0x0000000008002122       0x1a Drivers/STM32L0xx_HAL_Driver/Src/stm32l0xx_hal_cortex.o
                0x0000000008002122                HAL_SYSTICK_Config
 .text.HAL_DMA_Abort
                0x000000000800213c       0x80 Drivers/STM32L0xx_HAL_Driver/Src/stm32l0xx_hal_dma.o
                0x000000000800213c                HAL_DMA_Abort
 .text.HAL_DMA_Abort_IT
                0x00000000080021bc       0x8e Drivers/STM32L0xx_HAL_Driver/Src/stm32l0xx_hal_dma.o
                0x00000000080021bc                HAL_DMA_Abort_IT
 *fill*         0x000000000800224a        0x2 
 .text.HAL_GPIO_Init
                0x000000000800224c      0x2ec Drivers/STM32L0xx_HAL_Driver/Src/stm32l0xx_hal_gpio.o
                0x000000000800224c                HAL_GPIO_Init
 .text.HAL_GPIO_WritePin
                0x0000000008002538       0x3a Drivers/STM32L0xx_HAL_Driver/Src/stm32l0xx_hal_gpio.o
                0x0000000008002538                HAL_GPIO_WritePin
 *fill*         0x0000000008002572        0x2 
 .text.HAL_RCC_OscConfig
                0x0000000008002574      0x788 Drivers/STM32L0xx_HAL_Driver/Src/stm32l0xx_hal_rcc.o
                0x0000000008002574                HAL_RCC_OscConfig
 .text.HAL_RCC_ClockConfig
                0x0000000008002cfc      0x290 Drivers/STM32L0xx_HAL_Driver/Src/stm32l0xx_hal_rcc.o
                0x0000000008002cfc                HAL_RCC_ClockConfig
 .text.HAL_RCC_GetSysClockFreq
                0x0000000008002f8c      0x14c Drivers/STM32L0xx_HAL_Driver/Src/stm32l0xx_hal_rcc.o
                0x0000000008002f8c                HAL_RCC_GetSysClockFreq
 .text.HAL_RCC_GetHCLKFreq
                0x00000000080030d8       0x14 Drivers/STM32L0xx_HAL_Driver/Src/stm32l0xx_hal_rcc.o
                0x00000000080030d8                HAL_RCC_GetHCLKFreq
 .text.HAL_RCC_GetPCLK1Freq
                0x00000000080030ec       0x2c Drivers/STM32L0xx_HAL_Driver/Src/stm32l0xx_hal_rcc.o
                0x00000000080030ec                HAL_RCC_GetPCLK1Freq
 .text.HAL_RCC_GetPCLK2Freq
                0x0000000008003118       0x2c Drivers/STM32L0xx_HAL_Driver/Src/stm32l0xx_hal_rcc.o
                0x0000000008003118                HAL_RCC_GetPCLK2Freq
 .text.HAL_RCCEx_PeriphCLKConfig
                0x0000000008003144      0x2c8 Drivers/STM32L0xx_HAL_Driver/Src/stm32l0xx_hal_rcc_ex.o
                0x0000000008003144                HAL_RCCEx_PeriphCLKConfig
 .text.HAL_TIM_Base_Init
                0x000000000800340c       0x80 Drivers/STM32L0xx_HAL_Driver/Src/stm32l0xx_hal_tim.o
                0x000000000800340c                HAL_TIM_Base_Init
 .text.HAL_TIM_Base_Start_IT
                0x000000000800348c       0x98 Drivers/STM32L0xx_HAL_Driver/Src/stm32l0xx_hal_tim.o
                0x000000000800348c                HAL_TIM_Base_Start_IT
 .text.HAL_TIM_IRQHandler
                0x0000000008003524      0x1d0 Drivers/STM32L0xx_HAL_Driver/Src/stm32l0xx_hal_tim.o
                0x0000000008003524                HAL_TIM_IRQHandler
 .text.HAL_TIM_ConfigClockSource
                0x00000000080036f4      0x1a8 Drivers/STM32L0xx_HAL_Driver/Src/stm32l0xx_hal_tim.o
                0x00000000080036f4                HAL_TIM_ConfigClockSource
 .text.HAL_TIM_OC_DelayElapsedCallback
                0x000000000800389c       0x10 Drivers/STM32L0xx_HAL_Driver/Src/stm32l0xx_hal_tim.o
                0x000000000800389c                HAL_TIM_OC_DelayElapsedCallback
 .text.HAL_TIM_IC_CaptureCallback
                0x00000000080038ac       0x10 Drivers/STM32L0xx_HAL_Driver/Src/stm32l0xx_hal_tim.o
                0x00000000080038ac                HAL_TIM_IC_CaptureCallback
 .text.HAL_TIM_PWM_PulseFinishedCallback
                0x00000000080038bc       0x10 Drivers/STM32L0xx_HAL_Driver/Src/stm32l0xx_hal_tim.o
                0x00000000080038bc                HAL_TIM_PWM_PulseFinishedCallback
 .text.HAL_TIM_TriggerCallback
                0x00000000080038cc       0x10 Drivers/STM32L0xx_HAL_Driver/Src/stm32l0xx_hal_tim.o
                0x00000000080038cc                HAL_TIM_TriggerCallback
 .text.TIM_Base_SetConfig
                0x00000000080038dc       0xa8 Drivers/STM32L0xx_HAL_Driver/Src/stm32l0xx_hal_tim.o
 .text.TIM_TI1_ConfigInputStage
                0x0000000008003984       0x5c Drivers/STM32L0xx_HAL_Driver/Src/stm32l0xx_hal_tim.o
 .text.TIM_TI2_ConfigInputStage
                0x00000000080039e0       0x64 Drivers/STM32L0xx_HAL_Driver/Src/stm32l0xx_hal_tim.o
 .text.TIM_ITRx_SetConfig
                0x0000000008003a44       0x32 Drivers/STM32L0xx_HAL_Driver/Src/stm32l0xx_hal_tim.o
 *fill*         0x0000000008003a76        0x2 
 .text.TIM_ETR_SetConfig
                0x0000000008003a78       0x40 Drivers/STM32L0xx_HAL_Driver/Src/stm32l0xx_hal_tim.o
 .text.HAL_TIMEx_MasterConfigSynchronization
                0x0000000008003ab8       0xb0 Drivers/STM32L0xx_HAL_Driver/Src/stm32l0xx_hal_tim_ex.o
                0x0000000008003ab8                HAL_TIMEx_MasterConfigSynchronization
 .text.HAL_UART_Init
                0x0000000008003b68       0xa8 Drivers/STM32L0xx_HAL_Driver/Src/stm32l0xx_hal_uart.o
                0x0000000008003b68                HAL_UART_Init
 .text.HAL_UART_Transmit
                0x0000000008003c10      0x150 Drivers/STM32L0xx_HAL_Driver/Src/stm32l0xx_hal_uart.o
                0x0000000008003c10                HAL_UART_Transmit
 .text.HAL_UART_Receive_IT
                0x0000000008003d60       0xd0 Drivers/STM32L0xx_HAL_Driver/Src/stm32l0xx_hal_uart.o
                0x0000000008003d60                HAL_UART_Receive_IT
 .text.HAL_UART_IRQHandler
                0x0000000008003e30      0x5b4 Drivers/STM32L0xx_HAL_Driver/Src/stm32l0xx_hal_uart.o
                0x0000000008003e30                HAL_UART_IRQHandler
 .text.HAL_UART_TxCpltCallback
                0x00000000080043e4       0x10 Drivers/STM32L0xx_HAL_Driver/Src/stm32l0xx_hal_uart.o
                0x00000000080043e4                HAL_UART_TxCpltCallback
 .text.HAL_UART_ErrorCallback
                0x00000000080043f4       0x10 Drivers/STM32L0xx_HAL_Driver/Src/stm32l0xx_hal_uart.o
                0x00000000080043f4                HAL_UART_ErrorCallback
 .text.HAL_UARTEx_RxEventCallback
                0x0000000008004404       0x16 Drivers/STM32L0xx_HAL_Driver/Src/stm32l0xx_hal_uart.o
                0x0000000008004404                HAL_UARTEx_RxEventCallback
 *fill*         0x000000000800441a        0x2 
 .text.UART_SetConfig
                0x000000000800441c      0x540 Drivers/STM32L0xx_HAL_Driver/Src/stm32l0xx_hal_uart.o
                0x000000000800441c                UART_SetConfig
 .text.UART_AdvFeatureConfig
                0x000000000800495c      0x168 Drivers/STM32L0xx_HAL_Driver/Src/stm32l0xx_hal_uart.o
                0x000000000800495c                UART_AdvFeatureConfig
 .text.UART_CheckIdleState
                0x0000000008004ac4       0x90 Drivers/STM32L0xx_HAL_Driver/Src/stm32l0xx_hal_uart.o
                0x0000000008004ac4                UART_CheckIdleState
 .text.UART_WaitOnFlagUntilTimeout
                0x0000000008004b54      0x188 Drivers/STM32L0xx_HAL_Driver/Src/stm32l0xx_hal_uart.o
                0x0000000008004b54                UART_WaitOnFlagUntilTimeout
 .text.UART_Start_Receive_IT
                0x0000000008004cdc      0x160 Drivers/STM32L0xx_HAL_Driver/Src/stm32l0xx_hal_uart.o
                0x0000000008004cdc                UART_Start_Receive_IT
 .text.UART_EndRxTransfer
                0x0000000008004e3c       0xc4 Drivers/STM32L0xx_HAL_Driver/Src/stm32l0xx_hal_uart.o
 .text.UART_DMAAbortOnError
                0x0000000008004f00       0x2e Drivers/STM32L0xx_HAL_Driver/Src/stm32l0xx_hal_uart.o
 .text.UART_EndTransmit_IT
                0x0000000008004f2e       0x56 Drivers/STM32L0xx_HAL_Driver/Src/stm32l0xx_hal_uart.o
 .text.UART_RxISR_8BIT
                0x0000000008004f84      0x168 Drivers/STM32L0xx_HAL_Driver/Src/stm32l0xx_hal_uart.o
 .text.UART_RxISR_16BIT
                0x00000000080050ec      0x168 Drivers/STM32L0xx_HAL_Driver/Src/stm32l0xx_hal_uart.o
 .text.HAL_UARTEx_WakeupCallback
                0x0000000008005254       0x10 Drivers/STM32L0xx_HAL_Driver/Src/stm32l0xx_hal_uart_ex.o
                0x0000000008005254                HAL_UARTEx_WakeupCallback
 .text.__libc_init_array
                0x0000000008005264       0x48 c:/st/stm32cubeide_1.5.1/stm32cubeide/plugins/com.st.stm32cube.ide.mcu.externaltools.gnu-tools-for-stm32.9-2020-q2-update.win32_1.5.0.202011040924/tools/bin/../lib/gcc/arm-none-eabi/9.3.1/../../../../arm-none-eabi/lib/thumb/v6-m/nofp\libc_nano.a(lib_a-init.o)
                0x0000000008005264                __libc_init_array
 .text.memset   0x00000000080052ac       0x10 c:/st/stm32cubeide_1.5.1/stm32cubeide/plugins/com.st.stm32cube.ide.mcu.externaltools.gnu-tools-for-stm32.9-2020-q2-update.win32_1.5.0.202011040924/tools/bin/../lib/gcc/arm-none-eabi/9.3.1/../../../../arm-none-eabi/lib/thumb/v6-m/nofp\libc_nano.a(lib_a-memset.o)
                0x00000000080052ac                memset
 *(.glue_7)
 .glue_7        0x00000000080052bc        0x0 linker stubs
 *(.glue_7t)
 .glue_7t       0x00000000080052bc        0x0 linker stubs
 *(.eh_frame)
 .eh_frame      0x00000000080052bc        0x0 c:/st/stm32cubeide_1.5.1/stm32cubeide/plugins/com.st.stm32cube.ide.mcu.externaltools.gnu-tools-for-stm32.9-2020-q2-update.win32_1.5.0.202011040924/tools/bin/../lib/gcc/arm-none-eabi/9.3.1/thumb/v6-m/nofp/crtbegin.o
 *(.init)
 .init          0x00000000080052bc        0x4 c:/st/stm32cubeide_1.5.1/stm32cubeide/plugins/com.st.stm32cube.ide.mcu.externaltools.gnu-tools-for-stm32.9-2020-q2-update.win32_1.5.0.202011040924/tools/bin/../lib/gcc/arm-none-eabi/9.3.1/thumb/v6-m/nofp/crti.o
                0x00000000080052bc                _init
 .init          0x00000000080052c0        0x8 c:/st/stm32cubeide_1.5.1/stm32cubeide/plugins/com.st.stm32cube.ide.mcu.externaltools.gnu-tools-for-stm32.9-2020-q2-update.win32_1.5.0.202011040924/tools/bin/../lib/gcc/arm-none-eabi/9.3.1/thumb/v6-m/nofp/crtn.o
 *(.fini)
 .fini          0x00000000080052c8        0x4 c:/st/stm32cubeide_1.5.1/stm32cubeide/plugins/com.st.stm32cube.ide.mcu.externaltools.gnu-tools-for-stm32.9-2020-q2-update.win32_1.5.0.202011040924/tools/bin/../lib/gcc/arm-none-eabi/9.3.1/thumb/v6-m/nofp/crti.o
                0x00000000080052c8                _fini
 .fini          0x00000000080052cc        0x8 c:/st/stm32cubeide_1.5.1/stm32cubeide/plugins/com.st.stm32cube.ide.mcu.externaltools.gnu-tools-for-stm32.9-2020-q2-update.win32_1.5.0.202011040924/tools/bin/../lib/gcc/arm-none-eabi/9.3.1/thumb/v6-m/nofp/crtn.o
                0x00000000080052d4                . = ALIGN (0x4)
                0x00000000080052d4                _etext = .

.vfp11_veneer   0x00000000080052d4        0x0
 .vfp11_veneer  0x00000000080052d4        0x0 linker stubs

.v4_bx          0x00000000080052d4        0x0
 .v4_bx         0x00000000080052d4        0x0 linker stubs

.iplt           0x00000000080052d4        0x0
 .iplt          0x00000000080052d4        0x0 c:/st/stm32cubeide_1.5.1/stm32cubeide/plugins/com.st.stm32cube.ide.mcu.externaltools.gnu-tools-for-stm32.9-2020-q2-update.win32_1.5.0.202011040924/tools/bin/../lib/gcc/arm-none-eabi/9.3.1/thumb/v6-m/nofp/crtbegin.o

.rodata         0x00000000080052d4      0x164
                0x00000000080052d4                . = ALIGN (0x4)
 *(.rodata)
 *(.rodata*)
 .rodata.process_uart_data
                0x00000000080052d4       0xe4 Core/Src/parser.o
 .rodata.AHBPrescTable
                0x00000000080053b8       0x10 Core/Src/system_stm32l0xx.o
                0x00000000080053b8                AHBPrescTable
 .rodata.APBPrescTable
                0x00000000080053c8        0x8 Core/Src/system_stm32l0xx.o
                0x00000000080053c8                APBPrescTable
 .rodata.PLLMulTable
                0x00000000080053d0        0x9 Core/Src/system_stm32l0xx.o
                0x00000000080053d0                PLLMulTable
 *fill*         0x00000000080053d9        0x3 
 .rodata.UART_Callback_StateMachine
                0x00000000080053dc       0x14 Core/Src/uart_comm.o
 .rodata.UART_SetConfig
                0x00000000080053f0       0x48 Drivers/STM32L0xx_HAL_Driver/Src/stm32l0xx_hal_uart.o
                0x0000000008005438                . = ALIGN (0x4)

.ARM.extab      0x0000000008005438        0x0
                0x0000000008005438                . = ALIGN (0x4)
 *(.ARM.extab* .gnu.linkonce.armextab.*)
                0x0000000008005438                . = ALIGN (0x4)

.ARM            0x0000000008005438        0x8
                0x0000000008005438                . = ALIGN (0x4)
                0x0000000008005438                __exidx_start = .
 *(.ARM.exidx*)
 .ARM.exidx     0x0000000008005438        0x8 c:/st/stm32cubeide_1.5.1/stm32cubeide/plugins/com.st.stm32cube.ide.mcu.externaltools.gnu-tools-for-stm32.9-2020-q2-update.win32_1.5.0.202011040924/tools/bin/../lib/gcc/arm-none-eabi/9.3.1/thumb/v6-m/nofp\libgcc.a(_udivmoddi4.o)
                0x0000000008005440                __exidx_end = .
                0x0000000008005440                . = ALIGN (0x4)

.rel.dyn        0x0000000008005440        0x0
 .rel.iplt      0x0000000008005440        0x0 c:/st/stm32cubeide_1.5.1/stm32cubeide/plugins/com.st.stm32cube.ide.mcu.externaltools.gnu-tools-for-stm32.9-2020-q2-update.win32_1.5.0.202011040924/tools/bin/../lib/gcc/arm-none-eabi/9.3.1/thumb/v6-m/nofp/crtbegin.o

.preinit_array  0x0000000008005440        0x0
                0x0000000008005440                . = ALIGN (0x4)
                0x0000000008005440                PROVIDE (__preinit_array_start = .)
 *(.preinit_array*)
                0x0000000008005440                PROVIDE (__preinit_array_end = .)
                0x0000000008005440                . = ALIGN (0x4)

.init_array     0x0000000008005440        0x4
                0x0000000008005440                . = ALIGN (0x4)
                0x0000000008005440                PROVIDE (__init_array_start = .)
 *(SORT_BY_NAME(.init_array.*))
 *(.init_array*)
 .init_array    0x0000000008005440        0x4 c:/st/stm32cubeide_1.5.1/stm32cubeide/plugins/com.st.stm32cube.ide.mcu.externaltools.gnu-tools-for-stm32.9-2020-q2-update.win32_1.5.0.202011040924/tools/bin/../lib/gcc/arm-none-eabi/9.3.1/thumb/v6-m/nofp/crtbegin.o
                0x0000000008005444                PROVIDE (__init_array_end = .)
                0x0000000008005444                . = ALIGN (0x4)

.fini_array     0x0000000008005444        0x4
                0x0000000008005444                . = ALIGN (0x4)
                [!provide]                        PROVIDE (__fini_array_start = .)
 *(SORT_BY_NAME(.fini_array.*))
 *(.fini_array*)
 .fini_array    0x0000000008005444        0x4 c:/st/stm32cubeide_1.5.1/stm32cubeide/plugins/com.st.stm32cube.ide.mcu.externaltools.gnu-tools-for-stm32.9-2020-q2-update.win32_1.5.0.202011040924/tools/bin/../lib/gcc/arm-none-eabi/9.3.1/thumb/v6-m/nofp/crtbegin.o
                [!provide]                        PROVIDE (__fini_array_end = .)
                0x0000000008005448                . = ALIGN (0x4)
                0x0000000008005448                _sidata = LOADADDR (.data)

.data           0x0000000020000000        0xc load address 0x0000000008005448
                0x0000000020000000                . = ALIGN (0x4)
                0x0000000020000000                _sdata = .
 *(.data)
 *(.data*)
 .data.SystemCoreClock
                0x0000000020000000        0x4 Core/Src/system_stm32l0xx.o
                0x0000000020000000                SystemCoreClock
 .data.uwTickPrio
                0x0000000020000004        0x4 Drivers/STM32L0xx_HAL_Driver/Src/stm32l0xx_hal.o
                0x0000000020000004                uwTickPrio
 .data.uwTickFreq
                0x0000000020000008        0x1 Drivers/STM32L0xx_HAL_Driver/Src/stm32l0xx_hal.o
                0x0000000020000008                uwTickFreq
 *(.RamFunc)
 *(.RamFunc*)
                0x000000002000000c                . = ALIGN (0x4)
 *fill*         0x0000000020000009        0x3 
                0x000000002000000c                _edata = .

.igot.plt       0x000000002000000c        0x0 load address 0x0000000008005454
 .igot.plt      0x000000002000000c        0x0 c:/st/stm32cubeide_1.5.1/stm32cubeide/plugins/com.st.stm32cube.ide.mcu.externaltools.gnu-tools-for-stm32.9-2020-q2-update.win32_1.5.0.202011040924/tools/bin/../lib/gcc/arm-none-eabi/9.3.1/thumb/v6-m/nofp/crtbegin.o
                0x000000002000000c                . = ALIGN (0x4)

.bss            0x000000002000000c      0x298 load address 0x0000000008005454
                0x000000002000000c                _sbss = .
                0x000000002000000c                __bss_start__ = _sbss
 *(.bss)
 .bss           0x000000002000000c       0x1c c:/st/stm32cubeide_1.5.1/stm32cubeide/plugins/com.st.stm32cube.ide.mcu.externaltools.gnu-tools-for-stm32.9-2020-q2-update.win32_1.5.0.202011040924/tools/bin/../lib/gcc/arm-none-eabi/9.3.1/thumb/v6-m/nofp/crtbegin.o
 *(.bss*)
 .bss.f_motor_new_action
                0x0000000020000028        0x1 Core/Src/dcmotor.o
                0x0000000020000028                f_motor_new_action
 *fill*         0x0000000020000029        0x1 
 .bss.motor_pwm_counter.6337
                0x000000002000002a        0x2 Core/Src/dcmotor.o
 .bss.ledIndex.6355
                0x000000002000002c        0x1 Core/Src/matrix_lcd.o
 *fill*         0x000000002000002d        0x1 
 .bss.matrixLed_RefreshCounter.6367
                0x000000002000002e        0x2 Core/Src/matrix_lcd.o
 .bss.uart_ch   0x0000000020000030       0x25 Core/Src/uart_comm.o
                0x0000000020000030                uart_ch
 .bss.f_send_uart_ack
                0x0000000020000055        0x1 Core/Src/uart_comm.o
                0x0000000020000055                f_send_uart_ack
 .bss.uart_state
                0x0000000020000056        0x1 Core/Src/uart_comm.o
                0x0000000020000056                uart_state
 .bss.datacounter.6345
                0x0000000020000057        0x1 Core/Src/uart_comm.o
 .bss.len.6344  0x0000000020000058        0x1 Core/Src/uart_comm.o
 *(COMMON)
 *fill*         0x0000000020000059        0x3 
 COMMON         0x000000002000005c       0x50 Core/Src/dcmotor.o
                0x000000002000005c                wheelMotors
 COMMON         0x00000000200000ac      0x188 Core/Src/main.o
                0x00000000200000ac                huart1
                0x0000000020000130                htim6
                0x0000000020000170                htim2
                0x00000000200001b0                huart2
 COMMON         0x0000000020000234       0x6c Core/Src/matrix_lcd.o
                0x0000000020000234                MatrixLCD
                0x0000000020000250                LedMatrixCols
                0x0000000020000278                LedMatrixRows
 COMMON         0x00000000200002a0        0x4 Drivers/STM32L0xx_HAL_Driver/Src/stm32l0xx_hal.o
                0x00000000200002a0                uwTick
                0x00000000200002a4                . = ALIGN (0x4)
                0x00000000200002a4                _ebss = .
                0x00000000200002a4                __bss_end__ = _ebss

._user_heap_stack
                0x00000000200002a4      0x604 load address 0x0000000008005454
                0x00000000200002a8                . = ALIGN (0x8)
 *fill*         0x00000000200002a4        0x4 
                [!provide]                        PROVIDE (end = .)
                0x00000000200002a8                PROVIDE (_end = .)
                0x00000000200004a8                . = (. + _Min_Heap_Size)
 *fill*         0x00000000200002a8      0x200 
                0x00000000200008a8                . = (. + _Min_Stack_Size)
 *fill*         0x00000000200004a8      0x400 
                0x00000000200008a8                . = ALIGN (0x8)

/DISCARD/
 libc.a(*)
 libm.a(*)
 libgcc.a(*)

.ARM.attributes
                0x0000000000000000       0x28
 *(.ARM.attributes)
 .ARM.attributes
                0x0000000000000000       0x1e c:/st/stm32cubeide_1.5.1/stm32cubeide/plugins/com.st.stm32cube.ide.mcu.externaltools.gnu-tools-for-stm32.9-2020-q2-update.win32_1.5.0.202011040924/tools/bin/../lib/gcc/arm-none-eabi/9.3.1/thumb/v6-m/nofp/crti.o
 .ARM.attributes
                0x000000000000001e       0x2c c:/st/stm32cubeide_1.5.1/stm32cubeide/plugins/com.st.stm32cube.ide.mcu.externaltools.gnu-tools-for-stm32.9-2020-q2-update.win32_1.5.0.202011040924/tools/bin/../lib/gcc/arm-none-eabi/9.3.1/thumb/v6-m/nofp/crtbegin.o
 .ARM.attributes
                0x000000000000004a       0x2c Core/Src/dcmotor.o
 .ARM.attributes
                0x0000000000000076       0x2c Core/Src/main.o
 .ARM.attributes
                0x00000000000000a2       0x2c Core/Src/matrix_lcd.o
 .ARM.attributes
                0x00000000000000ce       0x2c Core/Src/parser.o
 .ARM.attributes
                0x00000000000000fa       0x2c Core/Src/stm32l0xx_hal_msp.o
 .ARM.attributes
                0x0000000000000126       0x2c Core/Src/stm32l0xx_it.o
 .ARM.attributes
                0x0000000000000152       0x2c Core/Src/system_stm32l0xx.o
 .ARM.attributes
                0x000000000000017e       0x2c Core/Src/uart_comm.o
 .ARM.attributes
                0x00000000000001aa       0x22 Core/Startup/startup_stm32l063r8tx.o
 .ARM.attributes
                0x00000000000001cc       0x2c Drivers/STM32L0xx_HAL_Driver/Src/stm32l0xx_hal.o
 .ARM.attributes
                0x00000000000001f8       0x2c Drivers/STM32L0xx_HAL_Driver/Src/stm32l0xx_hal_cortex.o
 .ARM.attributes
                0x0000000000000224       0x2c Drivers/STM32L0xx_HAL_Driver/Src/stm32l0xx_hal_dma.o
 .ARM.attributes
                0x0000000000000250       0x2c Drivers/STM32L0xx_HAL_Driver/Src/stm32l0xx_hal_gpio.o
 .ARM.attributes
                0x000000000000027c       0x2c Drivers/STM32L0xx_HAL_Driver/Src/stm32l0xx_hal_rcc.o
 .ARM.attributes
                0x00000000000002a8       0x2c Drivers/STM32L0xx_HAL_Driver/Src/stm32l0xx_hal_rcc_ex.o
 .ARM.attributes
                0x00000000000002d4       0x2c Drivers/STM32L0xx_HAL_Driver/Src/stm32l0xx_hal_tim.o
 .ARM.attributes
                0x0000000000000300       0x2c Drivers/STM32L0xx_HAL_Driver/Src/stm32l0xx_hal_tim_ex.o
 .ARM.attributes
                0x000000000000032c       0x2c Drivers/STM32L0xx_HAL_Driver/Src/stm32l0xx_hal_uart.o
 .ARM.attributes
                0x0000000000000358       0x2c Drivers/STM32L0xx_HAL_Driver/Src/stm32l0xx_hal_uart_ex.o
 .ARM.attributes
                0x0000000000000384       0x2c c:/st/stm32cubeide_1.5.1/stm32cubeide/plugins/com.st.stm32cube.ide.mcu.externaltools.gnu-tools-for-stm32.9-2020-q2-update.win32_1.5.0.202011040924/tools/bin/../lib/gcc/arm-none-eabi/9.3.1/../../../../arm-none-eabi/lib/thumb/v6-m/nofp\libc_nano.a(lib_a-init.o)
 .ARM.attributes
                0x00000000000003b0       0x2c c:/st/stm32cubeide_1.5.1/stm32cubeide/plugins/com.st.stm32cube.ide.mcu.externaltools.gnu-tools-for-stm32.9-2020-q2-update.win32_1.5.0.202011040924/tools/bin/../lib/gcc/arm-none-eabi/9.3.1/../../../../arm-none-eabi/lib/thumb/v6-m/nofp\libc_nano.a(lib_a-memset.o)
 .ARM.attributes
                0x00000000000003dc       0x1e c:/st/stm32cubeide_1.5.1/stm32cubeide/plugins/com.st.stm32cube.ide.mcu.externaltools.gnu-tools-for-stm32.9-2020-q2-update.win32_1.5.0.202011040924/tools/bin/../lib/gcc/arm-none-eabi/9.3.1/thumb/v6-m/nofp\libgcc.a(_udivsi3.o)
 .ARM.attributes
                0x00000000000003fa       0x1e c:/st/stm32cubeide_1.5.1/stm32cubeide/plugins/com.st.stm32cube.ide.mcu.externaltools.gnu-tools-for-stm32.9-2020-q2-update.win32_1.5.0.202011040924/tools/bin/../lib/gcc/arm-none-eabi/9.3.1/thumb/v6-m/nofp\libgcc.a(_dvmd_tls.o)
 .ARM.attributes
                0x0000000000000418       0x1e c:/st/stm32cubeide_1.5.1/stm32cubeide/plugins/com.st.stm32cube.ide.mcu.externaltools.gnu-tools-for-stm32.9-2020-q2-update.win32_1.5.0.202011040924/tools/bin/../lib/gcc/arm-none-eabi/9.3.1/thumb/v6-m/nofp\libgcc.a(_aeabi_uldivmod.o)
 .ARM.attributes
                0x0000000000000436       0x2c c:/st/stm32cubeide_1.5.1/stm32cubeide/plugins/com.st.stm32cube.ide.mcu.externaltools.gnu-tools-for-stm32.9-2020-q2-update.win32_1.5.0.202011040924/tools/bin/../lib/gcc/arm-none-eabi/9.3.1/thumb/v6-m/nofp\libgcc.a(_muldi3.o)
 .ARM.attributes
                0x0000000000000462       0x2c c:/st/stm32cubeide_1.5.1/stm32cubeide/plugins/com.st.stm32cube.ide.mcu.externaltools.gnu-tools-for-stm32.9-2020-q2-update.win32_1.5.0.202011040924/tools/bin/../lib/gcc/arm-none-eabi/9.3.1/thumb/v6-m/nofp\libgcc.a(_udivmoddi4.o)
 .ARM.attributes
                0x000000000000048e       0x1e c:/st/stm32cubeide_1.5.1/stm32cubeide/plugins/com.st.stm32cube.ide.mcu.externaltools.gnu-tools-for-stm32.9-2020-q2-update.win32_1.5.0.202011040924/tools/bin/../lib/gcc/arm-none-eabi/9.3.1/thumb/v6-m/nofp\libgcc.a(_clzdi2.o)
 .ARM.attributes
                0x00000000000004ac       0x1e c:/st/stm32cubeide_1.5.1/stm32cubeide/plugins/com.st.stm32cube.ide.mcu.externaltools.gnu-tools-for-stm32.9-2020-q2-update.win32_1.5.0.202011040924/tools/bin/../lib/gcc/arm-none-eabi/9.3.1/thumb/v6-m/nofp\libgcc.a(_clzsi2.o)
 .ARM.attributes
                0x00000000000004ca       0x1e c:/st/stm32cubeide_1.5.1/stm32cubeide/plugins/com.st.stm32cube.ide.mcu.externaltools.gnu-tools-for-stm32.9-2020-q2-update.win32_1.5.0.202011040924/tools/bin/../lib/gcc/arm-none-eabi/9.3.1/thumb/v6-m/nofp/crtn.o
OUTPUT(PWM_Demo.elf elf32-littlearm)
LOAD linker stubs
LOAD c:/st/stm32cubeide_1.5.1/stm32cubeide/plugins/com.st.stm32cube.ide.mcu.externaltools.gnu-tools-for-stm32.9-2020-q2-update.win32_1.5.0.202011040924/tools/bin/../lib/gcc/arm-none-eabi/9.3.1/../../../../arm-none-eabi/lib/thumb/v6-m/nofp\libc.a
LOAD c:/st/stm32cubeide_1.5.1/stm32cubeide/plugins/com.st.stm32cube.ide.mcu.externaltools.gnu-tools-for-stm32.9-2020-q2-update.win32_1.5.0.202011040924/tools/bin/../lib/gcc/arm-none-eabi/9.3.1/../../../../arm-none-eabi/lib/thumb/v6-m/nofp\libm.a
LOAD c:/st/stm32cubeide_1.5.1/stm32cubeide/plugins/com.st.stm32cube.ide.mcu.externaltools.gnu-tools-for-stm32.9-2020-q2-update.win32_1.5.0.202011040924/tools/bin/../lib/gcc/arm-none-eabi/9.3.1/thumb/v6-m/nofp\libgcc.a

.debug_info     0x0000000000000000    0x101b0
 .debug_info    0x0000000000000000      0x4d5 Core/Src/dcmotor.o
 .debug_info    0x00000000000004d5     0x1287 Core/Src/main.o
 .debug_info    0x000000000000175c      0x592 Core/Src/matrix_lcd.o
 .debug_info    0x0000000000001cee      0x888 Core/Src/parser.o
 .debug_info    0x0000000000002576      0xe2b Core/Src/stm32l0xx_hal_msp.o
 .debug_info    0x00000000000033a1      0xae6 Core/Src/stm32l0xx_it.o
 .debug_info    0x0000000000003e87      0x363 Core/Src/system_stm32l0xx.o
 .debug_info    0x00000000000041ea      0xd62 Core/Src/uart_comm.o
 .debug_info    0x0000000000004f4c       0x22 Core/Startup/startup_stm32l063r8tx.o
 .debug_info    0x0000000000004f6e      0x8e6 Drivers/STM32L0xx_HAL_Driver/Src/stm32l0xx_hal.o
 .debug_info    0x0000000000005854      0x997 Drivers/STM32L0xx_HAL_Driver/Src/stm32l0xx_hal_cortex.o
 .debug_info    0x00000000000061eb      0x839 Drivers/STM32L0xx_HAL_Driver/Src/stm32l0xx_hal_dma.o
 .debug_info    0x0000000000006a24      0x790 Drivers/STM32L0xx_HAL_Driver/Src/stm32l0xx_hal_gpio.o
 .debug_info    0x00000000000071b4      0xa36 Drivers/STM32L0xx_HAL_Driver/Src/stm32l0xx_hal_rcc.o
 .debug_info    0x0000000000007bea      0x8dc Drivers/STM32L0xx_HAL_Driver/Src/stm32l0xx_hal_rcc_ex.o
 .debug_info    0x00000000000084c6     0x2a98 Drivers/STM32L0xx_HAL_Driver/Src/stm32l0xx_hal_tim.o
 .debug_info    0x000000000000af5e      0x7da Drivers/STM32L0xx_HAL_Driver/Src/stm32l0xx_hal_tim_ex.o
 .debug_info    0x000000000000b738     0x3ca9 Drivers/STM32L0xx_HAL_Driver/Src/stm32l0xx_hal_uart.o
 .debug_info    0x000000000000f3e1      0xdcf Drivers/STM32L0xx_HAL_Driver/Src/stm32l0xx_hal_uart_ex.o

.debug_abbrev   0x0000000000000000     0x26ad
 .debug_abbrev  0x0000000000000000      0x1eb Core/Src/dcmotor.o
 .debug_abbrev  0x00000000000001eb      0x2af Core/Src/main.o
 .debug_abbrev  0x000000000000049a      0x244 Core/Src/matrix_lcd.o
 .debug_abbrev  0x00000000000006de      0x1cc Core/Src/parser.o
 .debug_abbrev  0x00000000000008aa      0x1c8 Core/Src/stm32l0xx_hal_msp.o
 .debug_abbrev  0x0000000000000a72      0x187 Core/Src/stm32l0xx_it.o
 .debug_abbrev  0x0000000000000bf9      0x145 Core/Src/system_stm32l0xx.o
 .debug_abbrev  0x0000000000000d3e      0x257 Core/Src/uart_comm.o
 .debug_abbrev  0x0000000000000f95       0x12 Core/Startup/startup_stm32l063r8tx.o
 .debug_abbrev  0x0000000000000fa7      0x267 Drivers/STM32L0xx_HAL_Driver/Src/stm32l0xx_hal.o
 .debug_abbrev  0x000000000000120e      0x2b4 Drivers/STM32L0xx_HAL_Driver/Src/stm32l0xx_hal_cortex.o
 .debug_abbrev  0x00000000000014c2      0x21f Drivers/STM32L0xx_HAL_Driver/Src/stm32l0xx_hal_dma.o
 .debug_abbrev  0x00000000000016e1      0x1e8 Drivers/STM32L0xx_HAL_Driver/Src/stm32l0xx_hal_gpio.o
 .debug_abbrev  0x00000000000018c9      0x246 Drivers/STM32L0xx_HAL_Driver/Src/stm32l0xx_hal_rcc.o
 .debug_abbrev  0x0000000000001b0f      0x20b Drivers/STM32L0xx_HAL_Driver/Src/stm32l0xx_hal_rcc_ex.o
 .debug_abbrev  0x0000000000001d1a      0x26f Drivers/STM32L0xx_HAL_Driver/Src/stm32l0xx_hal_tim.o
 .debug_abbrev  0x0000000000001f89      0x1c2 Drivers/STM32L0xx_HAL_Driver/Src/stm32l0xx_hal_tim_ex.o
 .debug_abbrev  0x000000000000214b      0x2c2 Drivers/STM32L0xx_HAL_Driver/Src/stm32l0xx_hal_uart.o
 .debug_abbrev  0x000000000000240d      0x2a0 Drivers/STM32L0xx_HAL_Driver/Src/stm32l0xx_hal_uart_ex.o

.debug_aranges  0x0000000000000000      0xd70
 .debug_aranges
                0x0000000000000000       0x58 Core/Src/dcmotor.o
 .debug_aranges
                0x0000000000000058       0x60 Core/Src/main.o
 .debug_aranges
                0x00000000000000b8       0x90 Core/Src/matrix_lcd.o
 .debug_aranges
                0x0000000000000148       0x28 Core/Src/parser.o
 .debug_aranges
                0x0000000000000170       0x40 Core/Src/stm32l0xx_hal_msp.o
 .debug_aranges
                0x00000000000001b0       0x60 Core/Src/stm32l0xx_it.o
 .debug_aranges
                0x0000000000000210       0x28 Core/Src/system_stm32l0xx.o
 .debug_aranges
                0x0000000000000238       0x88 Core/Src/uart_comm.o
 .debug_aranges
                0x00000000000002c0       0x28 Core/Startup/startup_stm32l063r8tx.o
 .debug_aranges
                0x00000000000002e8      0x110 Drivers/STM32L0xx_HAL_Driver/Src/stm32l0xx_hal.o
 .debug_aranges
                0x00000000000003f8       0xd8 Drivers/STM32L0xx_HAL_Driver/Src/stm32l0xx_hal_cortex.o
 .debug_aranges
                0x00000000000004d0       0x80 Drivers/STM32L0xx_HAL_Driver/Src/stm32l0xx_hal_dma.o
 .debug_aranges
                0x0000000000000550       0x58 Drivers/STM32L0xx_HAL_Driver/Src/stm32l0xx_hal_gpio.o
 .debug_aranges
                0x00000000000005a8       0x80 Drivers/STM32L0xx_HAL_Driver/Src/stm32l0xx_hal_rcc.o
 .debug_aranges
                0x0000000000000628       0xb0 Drivers/STM32L0xx_HAL_Driver/Src/stm32l0xx_hal_rcc_ex.o
 .debug_aranges
                0x00000000000006d8      0x3d0 Drivers/STM32L0xx_HAL_Driver/Src/stm32l0xx_hal_tim.o
 .debug_aranges
                0x0000000000000aa8       0x28 Drivers/STM32L0xx_HAL_Driver/Src/stm32l0xx_hal_tim_ex.o
 .debug_aranges
                0x0000000000000ad0      0x228 Drivers/STM32L0xx_HAL_Driver/Src/stm32l0xx_hal_uart.o
 .debug_aranges
                0x0000000000000cf8       0x78 Drivers/STM32L0xx_HAL_Driver/Src/stm32l0xx_hal_uart_ex.o

.debug_ranges   0x0000000000000000      0xc78
 .debug_ranges  0x0000000000000000       0x48 Core/Src/dcmotor.o
 .debug_ranges  0x0000000000000048       0x50 Core/Src/main.o
 .debug_ranges  0x0000000000000098       0x80 Core/Src/matrix_lcd.o
 .debug_ranges  0x0000000000000118       0x18 Core/Src/parser.o
 .debug_ranges  0x0000000000000130       0x30 Core/Src/stm32l0xx_hal_msp.o
 .debug_ranges  0x0000000000000160       0x50 Core/Src/stm32l0xx_it.o
 .debug_ranges  0x00000000000001b0       0x18 Core/Src/system_stm32l0xx.o
 .debug_ranges  0x00000000000001c8       0x78 Core/Src/uart_comm.o
 .debug_ranges  0x0000000000000240       0x20 Core/Startup/startup_stm32l063r8tx.o
 .debug_ranges  0x0000000000000260      0x100 Drivers/STM32L0xx_HAL_Driver/Src/stm32l0xx_hal.o
 .debug_ranges  0x0000000000000360       0xc8 Drivers/STM32L0xx_HAL_Driver/Src/stm32l0xx_hal_cortex.o
 .debug_ranges  0x0000000000000428       0x70 Drivers/STM32L0xx_HAL_Driver/Src/stm32l0xx_hal_dma.o
 .debug_ranges  0x0000000000000498       0x48 Drivers/STM32L0xx_HAL_Driver/Src/stm32l0xx_hal_gpio.o
 .debug_ranges  0x00000000000004e0       0x70 Drivers/STM32L0xx_HAL_Driver/Src/stm32l0xx_hal_rcc.o
 .debug_ranges  0x0000000000000550       0xa0 Drivers/STM32L0xx_HAL_Driver/Src/stm32l0xx_hal_rcc_ex.o
 .debug_ranges  0x00000000000005f0      0x3c0 Drivers/STM32L0xx_HAL_Driver/Src/stm32l0xx_hal_tim.o
 .debug_ranges  0x00000000000009b0       0x18 Drivers/STM32L0xx_HAL_Driver/Src/stm32l0xx_hal_tim_ex.o
 .debug_ranges  0x00000000000009c8      0x248 Drivers/STM32L0xx_HAL_Driver/Src/stm32l0xx_hal_uart.o
 .debug_ranges  0x0000000000000c10       0x68 Drivers/STM32L0xx_HAL_Driver/Src/stm32l0xx_hal_uart_ex.o

.debug_macro    0x0000000000000000    0x145c8
 .debug_macro   0x0000000000000000      0x1e6 Core/Src/dcmotor.o
 .debug_macro   0x00000000000001e6      0xa7e Core/Src/dcmotor.o
 .debug_macro   0x0000000000000c64      0x125 Core/Src/dcmotor.o
 .debug_macro   0x0000000000000d89       0x2e Core/Src/dcmotor.o
 .debug_macro   0x0000000000000db7       0x28 Core/Src/dcmotor.o
 .debug_macro   0x0000000000000ddf       0x22 Core/Src/dcmotor.o
 .debug_macro   0x0000000000000e01       0x8e Core/Src/dcmotor.o
 .debug_macro   0x0000000000000e8f       0x51 Core/Src/dcmotor.o
 .debug_macro   0x0000000000000ee0      0x103 Core/Src/dcmotor.o
 .debug_macro   0x0000000000000fe3       0x6a Core/Src/dcmotor.o
 .debug_macro   0x000000000000104d      0x1df Core/Src/dcmotor.o
 .debug_macro   0x000000000000122c       0x1c Core/Src/dcmotor.o
 .debug_macro   0x0000000000001248       0x22 Core/Src/dcmotor.o
 .debug_macro   0x000000000000126a       0xb5 Core/Src/dcmotor.o
 .debug_macro   0x000000000000131f      0x4da Core/Src/dcmotor.o
 .debug_macro   0x00000000000017f9      0x11f Core/Src/dcmotor.o
 .debug_macro   0x0000000000001918     0x9f6e Core/Src/dcmotor.o
 .debug_macro   0x000000000000b886       0x66 Core/Src/dcmotor.o
 .debug_macro   0x000000000000b8ec     0x355c Core/Src/dcmotor.o
 .debug_macro   0x000000000000ee48      0x174 Core/Src/dcmotor.o
 .debug_macro   0x000000000000efbc       0x5b Core/Src/dcmotor.o
 .debug_macro   0x000000000000f017      0x8d6 Core/Src/dcmotor.o
 .debug_macro   0x000000000000f8ed      0xa18 Core/Src/dcmotor.o
 .debug_macro   0x0000000000010305      0x190 Core/Src/dcmotor.o
 .debug_macro   0x0000000000010495      0x13f Core/Src/dcmotor.o
 .debug_macro   0x00000000000105d4      0x17d Core/Src/dcmotor.o
 .debug_macro   0x0000000000010751       0x82 Core/Src/dcmotor.o
 .debug_macro   0x00000000000107d3      0x295 Core/Src/dcmotor.o
 .debug_macro   0x0000000000010a68      0x1e9 Core/Src/dcmotor.o
 .debug_macro   0x0000000000010c51      0x129 Core/Src/dcmotor.o
 .debug_macro   0x0000000000010d7a      0x2b4 Core/Src/dcmotor.o
 .debug_macro   0x000000000001102e      0x22c Core/Src/dcmotor.o
 .debug_macro   0x000000000001125a       0x5b Core/Src/dcmotor.o
 .debug_macro   0x00000000000112b5       0xa5 Core/Src/dcmotor.o
 .debug_macro   0x000000000001135a      0x187 Core/Src/dcmotor.o
 .debug_macro   0x00000000000114e1       0x16 Core/Src/dcmotor.o
 .debug_macro   0x00000000000114f7      0x773 Core/Src/dcmotor.o
 .debug_macro   0x0000000000011c6a       0xcc Core/Src/dcmotor.o
 .debug_macro   0x0000000000011d36      0x5ba Core/Src/dcmotor.o
 .debug_macro   0x00000000000122f0       0x44 Core/Src/dcmotor.o
 .debug_macro   0x0000000000012334      0x16c Core/Src/dcmotor.o
 .debug_macro   0x00000000000124a0       0x7c Core/Src/dcmotor.o
 .debug_macro   0x000000000001251c       0x3a Core/Src/dcmotor.o
 .debug_macro   0x0000000000012556      0x202 Core/Src/main.o
 .debug_macro   0x0000000000012758       0x2e Core/Src/main.o
 .debug_macro   0x0000000000012786       0x16 Core/Src/main.o
 .debug_macro   0x000000000001279c      0x1e6 Core/Src/matrix_lcd.o
 .debug_macro   0x0000000000012982      0x247 Core/Src/parser.o
 .debug_macro   0x0000000000012bc9      0x1dd Core/Src/stm32l0xx_hal_msp.o
 .debug_macro   0x0000000000012da6      0x1e7 Core/Src/stm32l0xx_it.o
 .debug_macro   0x0000000000012f8d      0x1ce Core/Src/system_stm32l0xx.o
 .debug_macro   0x000000000001315b      0x1e6 Core/Src/uart_comm.o
 .debug_macro   0x0000000000013341      0x1f2 Drivers/STM32L0xx_HAL_Driver/Src/stm32l0xx_hal.o
 .debug_macro   0x0000000000013533      0x1ce Drivers/STM32L0xx_HAL_Driver/Src/stm32l0xx_hal_cortex.o
 .debug_macro   0x0000000000013701      0x1ce Drivers/STM32L0xx_HAL_Driver/Src/stm32l0xx_hal_dma.o
 .debug_macro   0x00000000000138cf      0x1d5 Drivers/STM32L0xx_HAL_Driver/Src/stm32l0xx_hal_gpio.o
 .debug_macro   0x0000000000013aa4      0x1f2 Drivers/STM32L0xx_HAL_Driver/Src/stm32l0xx_hal_rcc.o
 .debug_macro   0x0000000000013c96      0x1ce Drivers/STM32L0xx_HAL_Driver/Src/stm32l0xx_hal_rcc_ex.o
 .debug_macro   0x0000000000013e64      0x1cf Drivers/STM32L0xx_HAL_Driver/Src/stm32l0xx_hal_tim.o
 .debug_macro   0x0000000000014033      0x1ce Drivers/STM32L0xx_HAL_Driver/Src/stm32l0xx_hal_tim_ex.o
 .debug_macro   0x0000000000014201      0x1f9 Drivers/STM32L0xx_HAL_Driver/Src/stm32l0xx_hal_uart.o
 .debug_macro   0x00000000000143fa      0x1ce Drivers/STM32L0xx_HAL_Driver/Src/stm32l0xx_hal_uart_ex.o

.debug_line     0x0000000000000000    0x10159
 .debug_line    0x0000000000000000      0xa3e Core/Src/dcmotor.o
 .debug_line    0x0000000000000a3e      0x95e Core/Src/main.o
 .debug_line    0x000000000000139c      0xa64 Core/Src/matrix_lcd.o
 .debug_line    0x0000000000001e00      0x7a5 Core/Src/parser.o
 .debug_line    0x00000000000025a5      0x7e0 Core/Src/stm32l0xx_hal_msp.o
 .debug_line    0x0000000000002d85      0x7c1 Core/Src/stm32l0xx_it.o
 .debug_line    0x0000000000003546      0x7ad Core/Src/system_stm32l0xx.o
 .debug_line    0x0000000000003cf3      0x9c6 Core/Src/uart_comm.o
 .debug_line    0x00000000000046b9       0x89 Core/Startup/startup_stm32l063r8tx.o
 .debug_line    0x0000000000004742      0xa50 Drivers/STM32L0xx_HAL_Driver/Src/stm32l0xx_hal.o
 .debug_line    0x0000000000005192      0xb1e Drivers/STM32L0xx_HAL_Driver/Src/stm32l0xx_hal_cortex.o
 .debug_line    0x0000000000005cb0      0xc3f Drivers/STM32L0xx_HAL_Driver/Src/stm32l0xx_hal_dma.o
 .debug_line    0x00000000000068ef      0xae0 Drivers/STM32L0xx_HAL_Driver/Src/stm32l0xx_hal_gpio.o
 .debug_line    0x00000000000073cf      0xecb Drivers/STM32L0xx_HAL_Driver/Src/stm32l0xx_hal_rcc.o
 .debug_line    0x000000000000829a      0xdab Drivers/STM32L0xx_HAL_Driver/Src/stm32l0xx_hal_rcc_ex.o
 .debug_line    0x0000000000009045     0x2ef4 Drivers/STM32L0xx_HAL_Driver/Src/stm32l0xx_hal_tim.o
 .debug_line    0x000000000000bf39      0x7ca Drivers/STM32L0xx_HAL_Driver/Src/stm32l0xx_hal_tim_ex.o
 .debug_line    0x000000000000c703     0x2d8f Drivers/STM32L0xx_HAL_Driver/Src/stm32l0xx_hal_uart.o
 .debug_line    0x000000000000f492      0xcc7 Drivers/STM32L0xx_HAL_Driver/Src/stm32l0xx_hal_uart_ex.o

.debug_str      0x0000000000000000    0x7c8da
 .debug_str     0x0000000000000000    0x78c87 Core/Src/dcmotor.o
                                      0x78f9f (size before relaxing)
 .debug_str     0x0000000000078c87      0xc3f Core/Src/main.o
                                      0x79b15 (size before relaxing)
 .debug_str     0x00000000000798c6      0x179 Core/Src/matrix_lcd.o
                                      0x78f52 (size before relaxing)
 .debug_str     0x0000000000079a3f      0x191 Core/Src/parser.o
                                      0x794dc (size before relaxing)
 .debug_str     0x0000000000079bd0      0x1cf Core/Src/stm32l0xx_hal_msp.o
                                      0x796fa (size before relaxing)
 .debug_str     0x0000000000079d9f       0xaa Core/Src/stm32l0xx_it.o
                                      0x794a4 (size before relaxing)
 .debug_str     0x0000000000079e49       0x61 Core/Src/system_stm32l0xx.o
                                      0x78c42 (size before relaxing)
 .debug_str     0x0000000000079eaa       0xfa Core/Src/uart_comm.o
                                      0x7963c (size before relaxing)
 .debug_str     0x0000000000079fa4       0x36 Core/Startup/startup_stm32l063r8tx.o
                                         0x60 (size before relaxing)
 .debug_str     0x0000000000079fda      0x41b Drivers/STM32L0xx_HAL_Driver/Src/stm32l0xx_hal.o
                                      0x792c2 (size before relaxing)
 .debug_str     0x000000000007a3f5      0x2ee Drivers/STM32L0xx_HAL_Driver/Src/stm32l0xx_hal_cortex.o
                                      0x790d7 (size before relaxing)
 .debug_str     0x000000000007a6e3      0x267 Drivers/STM32L0xx_HAL_Driver/Src/stm32l0xx_hal_dma.o
                                      0x78ff4 (size before relaxing)
 .debug_str     0x000000000007a94a      0x137 Drivers/STM32L0xx_HAL_Driver/Src/stm32l0xx_hal_gpio.o
                                      0x78e2c (size before relaxing)
 .debug_str     0x000000000007aa81      0x284 Drivers/STM32L0xx_HAL_Driver/Src/stm32l0xx_hal_rcc.o
                                      0x790f4 (size before relaxing)
 .debug_str     0x000000000007ad05      0x358 Drivers/STM32L0xx_HAL_Driver/Src/stm32l0xx_hal_rcc_ex.o
                                      0x79110 (size before relaxing)
 .debug_str     0x000000000007b05d      0xd6c Drivers/STM32L0xx_HAL_Driver/Src/stm32l0xx_hal_tim.o
                                      0x79f32 (size before relaxing)
 .debug_str     0x000000000007bdc9       0x7d Drivers/STM32L0xx_HAL_Driver/Src/stm32l0xx_hal_tim_ex.o
                                      0x79109 (size before relaxing)
 .debug_str     0x000000000007be46      0x8b7 Drivers/STM32L0xx_HAL_Driver/Src/stm32l0xx_hal_uart.o
                                      0x79969 (size before relaxing)
 .debug_str     0x000000000007c6fd      0x1dd Drivers/STM32L0xx_HAL_Driver/Src/stm32l0xx_hal_uart_ex.o
                                      0x79203 (size before relaxing)

.comment        0x0000000000000000       0x53
 .comment       0x0000000000000000       0x53 Core/Src/dcmotor.o
                                         0x54 (size before relaxing)
 .comment       0x0000000000000053       0x54 Core/Src/main.o
 .comment       0x0000000000000053       0x54 Core/Src/matrix_lcd.o
 .comment       0x0000000000000053       0x54 Core/Src/parser.o
 .comment       0x0000000000000053       0x54 Core/Src/stm32l0xx_hal_msp.o
 .comment       0x0000000000000053       0x54 Core/Src/stm32l0xx_it.o
 .comment       0x0000000000000053       0x54 Core/Src/system_stm32l0xx.o
 .comment       0x0000000000000053       0x54 Core/Src/uart_comm.o
 .comment       0x0000000000000053       0x54 Drivers/STM32L0xx_HAL_Driver/Src/stm32l0xx_hal.o
 .comment       0x0000000000000053       0x54 Drivers/STM32L0xx_HAL_Driver/Src/stm32l0xx_hal_cortex.o
 .comment       0x0000000000000053       0x54 Drivers/STM32L0xx_HAL_Driver/Src/stm32l0xx_hal_dma.o
 .comment       0x0000000000000053       0x54 Drivers/STM32L0xx_HAL_Driver/Src/stm32l0xx_hal_gpio.o
 .comment       0x0000000000000053       0x54 Drivers/STM32L0xx_HAL_Driver/Src/stm32l0xx_hal_rcc.o
 .comment       0x0000000000000053       0x54 Drivers/STM32L0xx_HAL_Driver/Src/stm32l0xx_hal_rcc_ex.o
 .comment       0x0000000000000053       0x54 Drivers/STM32L0xx_HAL_Driver/Src/stm32l0xx_hal_tim.o
 .comment       0x0000000000000053       0x54 Drivers/STM32L0xx_HAL_Driver/Src/stm32l0xx_hal_tim_ex.o
 .comment       0x0000000000000053       0x54 Drivers/STM32L0xx_HAL_Driver/Src/stm32l0xx_hal_uart.o
 .comment       0x0000000000000053       0x54 Drivers/STM32L0xx_HAL_Driver/Src/stm32l0xx_hal_uart_ex.o

.debug_frame    0x0000000000000000     0x2f64
 .debug_frame   0x0000000000000000      0x108 Core/Src/dcmotor.o
 .debug_frame   0x0000000000000108      0x124 Core/Src/main.o
 .debug_frame   0x000000000000022c      0x1d8 Core/Src/matrix_lcd.o
 .debug_frame   0x0000000000000404       0x50 Core/Src/parser.o
 .debug_frame   0x0000000000000454       0xac Core/Src/stm32l0xx_hal_msp.o
 .debug_frame   0x0000000000000500      0x10c Core/Src/stm32l0xx_it.o
 .debug_frame   0x000000000000060c       0x4c Core/Src/system_stm32l0xx.o
 .debug_frame   0x0000000000000658      0x1c0 Core/Src/uart_comm.o
 .debug_frame   0x0000000000000818      0x394 Drivers/STM32L0xx_HAL_Driver/Src/stm32l0xx_hal.o
 .debug_frame   0x0000000000000bac      0x2fc Drivers/STM32L0xx_HAL_Driver/Src/stm32l0xx_hal_cortex.o
 .debug_frame   0x0000000000000ea8      0x1b0 Drivers/STM32L0xx_HAL_Driver/Src/stm32l0xx_hal_dma.o
 .debug_frame   0x0000000000001058      0x110 Drivers/STM32L0xx_HAL_Driver/Src/stm32l0xx_hal_gpio.o
 .debug_frame   0x0000000000001168      0x1a8 Drivers/STM32L0xx_HAL_Driver/Src/stm32l0xx_hal_rcc.o
 .debug_frame   0x0000000000001310      0x244 Drivers/STM32L0xx_HAL_Driver/Src/stm32l0xx_hal_rcc_ex.o
 .debug_frame   0x0000000000001554      0xef8 Drivers/STM32L0xx_HAL_Driver/Src/stm32l0xx_hal_tim.o
 .debug_frame   0x000000000000244c       0x50 Drivers/STM32L0xx_HAL_Driver/Src/stm32l0xx_hal_tim_ex.o
 .debug_frame   0x000000000000249c      0x854 Drivers/STM32L0xx_HAL_Driver/Src/stm32l0xx_hal_uart.o
 .debug_frame   0x0000000000002cf0      0x198 Drivers/STM32L0xx_HAL_Driver/Src/stm32l0xx_hal_uart_ex.o
 .debug_frame   0x0000000000002e88       0x2c c:/st/stm32cubeide_1.5.1/stm32cubeide/plugins/com.st.stm32cube.ide.mcu.externaltools.gnu-tools-for-stm32.9-2020-q2-update.win32_1.5.0.202011040924/tools/bin/../lib/gcc/arm-none-eabi/9.3.1/../../../../arm-none-eabi/lib/thumb/v6-m/nofp\libc_nano.a(lib_a-init.o)
 .debug_frame   0x0000000000002eb4       0x20 c:/st/stm32cubeide_1.5.1/stm32cubeide/plugins/com.st.stm32cube.ide.mcu.externaltools.gnu-tools-for-stm32.9-2020-q2-update.win32_1.5.0.202011040924/tools/bin/../lib/gcc/arm-none-eabi/9.3.1/../../../../arm-none-eabi/lib/thumb/v6-m/nofp\libc_nano.a(lib_a-memset.o)
 .debug_frame   0x0000000000002ed4       0x20 c:/st/stm32cubeide_1.5.1/stm32cubeide/plugins/com.st.stm32cube.ide.mcu.externaltools.gnu-tools-for-stm32.9-2020-q2-update.win32_1.5.0.202011040924/tools/bin/../lib/gcc/arm-none-eabi/9.3.1/thumb/v6-m/nofp\libgcc.a(_udivsi3.o)
 .debug_frame   0x0000000000002ef4       0x34 c:/st/stm32cubeide_1.5.1/stm32cubeide/plugins/com.st.stm32cube.ide.mcu.externaltools.gnu-tools-for-stm32.9-2020-q2-update.win32_1.5.0.202011040924/tools/bin/../lib/gcc/arm-none-eabi/9.3.1/thumb/v6-m/nofp\libgcc.a(_muldi3.o)
 .debug_frame   0x0000000000002f28       0x3c c:/st/stm32cubeide_1.5.1/stm32cubeide/plugins/com.st.stm32cube.ide.mcu.externaltools.gnu-tools-for-stm32.9-2020-q2-update.win32_1.5.0.202011040924/tools/bin/../lib/gcc/arm-none-eabi/9.3.1/thumb/v6-m/nofp\libgcc.a(_udivmoddi4.o)
