uart_comm.c:16:9:get_f_send_uart_ack	8	static
uart_comm.c:17:6:set_f_send_uart_ack	8	static
uart_comm.c:18:6:rst_f_send_uart_ack	8	static
uart_comm.c:20:10:get_uart_ch	8	static
uart_comm.c:24:9:calc_chksum	16	static
uart_comm.c:32:9:is_data_valid	24	static
uart_comm.c:54:6:startTimer	16	static
uart_comm.c:60:6:stopTimer	16	static
uart_comm.c:65:6:UART_NewByteRcv_Callback	16	static
uart_comm.c:76:6:UART_Callback_StateMachine	16	static
uart_comm.c:118:6:HAL_UART_RxCpltCallback	16	static
uart_comm.c:125:6:uart_comm_timer_elapsed_callback	16	static
uart_comm.c:142:6:initiate_Uart_Ch	16	static
uart_comm.c:146:6:uart_send_data	24	static
